
> ai-native-chat@0.1.0 build
> next build

Γû▓ Next.js 16.1.1 (Turbopack)
- Environments: .env.local, .env

npm : ΓÜá The "middleware" file convention is 
deprecated. Please use "proxy" instead. Learn more: 
https://nextjs.org/docs/messages/middleware-to-proxy
At line:1 char:1
+ npm run build > build_error.log 2>&1
+ ~~~~~~~~~~~~~~~~~~~~~~~~~~~~~~~~~~~~
    + CategoryInfo          : NotSpecified: (ΓÜá Th 
   e "middle...leware-to-proxy:String) [], RemoteE  
  xception
    + FullyQualifiedErrorId : NativeCommandError
 
  Creating an optimized production build ...
Γ£ô Compiled successfully in 14.9s
  Running TypeScript ...
Failed to compile.

./components/chat/ChatInterface.tsx:116:47
Type error: Type '{ children: string; key: number; 
className: string; remarkPlugins: ((options?: 
Options | null | undefined) => undefined)[]; 
components: { p: ({ node, ...props }: 
ClassAttributes<HTMLParagraphElement> & 
HTMLAttributes<...> & ExtraProps) => Element; }; }' 
is not assignable to type 'IntrinsicAttributes & 
Readonly<Options>'.
  Property 'className' does not exist on type 
'IntrinsicAttributes & Readonly<Options>'.

[0m [90m 114 |[39m                 )[33m;[39m
 [90m 115 |[39m             }
[31m[1m>[22m[39m[90m 116 |[39m             
[36mreturn[39m [33m<[39m[33mReactMarkdown[39m 
key[33m=[39m{index} 
className[33m=[39m[32m"inline"[39m 
remarkPlugins[33m=[39m{[remarkGfm]} 
components[33m=[39m{{
 [90m     |[39m                                   
            [31m[1m^[22m[39m
 [90m 117 |[39m                 p[33m:[39m ({ 
node[33m,[39m [33m...[39mprops }) [33m=>[39m 
[33m<[39m[33mspan[39m {[33m...[39mprops} 
[33m/[39m[33m>[39m[33m,[39m
 [90m 118 |[39m             }}[33m>[39m{part}[3
3m<[39m[33m/[39m[33mReactMarkdown[39m[33m>[39
m[33m;[39m
 [90m 119 |[39m         })[33m;[39m[0m
Next.js build worker exited with code: 1 and 
signal: null
